../Core/Src/main.c:107:7:CAN_init	16	static
../Core/Src/main.c:104:5:main	16	static
../Core/Src/main.c:120:7:TIMER_init	16	static
../Core/Src/main.c:190:6:CAN_init	8	static
../Core/Src/main.c:203:6:TIMER_init	8	static
../Core/Src/main.c:221:6:HAL_TIM_PeriodElapsedCallback	24	static
../Core/Src/main.c:231:6:HAL_FDCAN_RxFifo0Callback	24	static
../Core/Src/main.c:247:6:SystemClock_Config	120	static
../Core/Src/main.c:306:13:MX_FDCAN1_Init	8	static
../Core/Src/main.c:371:13:MX_SDMMC1_SD_Init	4	static
../Core/Src/main.c:398:13:MX_TIM1_Init	40	static
../Core/Src/main.c:445:13:MX_GPIO_Init	48	static
../Core/Src/main.c:476:6:Error_Handler	4	static
